MPLINK 5.08, LINKER
Linker Map File - Created Tue Apr  3 09:10:07 2018

                                 Section Info
                  Section       Type    Address   Location Size(Bytes)
                ---------  ---------  ---------  ---------  ---------
                   .org_0       code   0x000000    program   0x000004
                   .cinit    romdata   0x000004    program   0x000002
                   .org_1       code   0x000008    program   0x000004
                   .org_2       code   0x000018    program   0x00008c
                   .org_3       code   0x0000b0    program   0x00028e
.config_300001_BUILD/DEFAULT/PRODUCTION/ASSEMBL    romdata   0x300001    program   0x000001
.config_300003_BUILD/DEFAULT/PRODUCTION/ASSEMBL    romdata   0x300003    program   0x000001
.config_300005_BUILD/DEFAULT/PRODUCTION/ASSEMBL    romdata   0x300005    program   0x000001
.config_300006_BUILD/DEFAULT/PRODUCTION/ASSEMBL    romdata   0x300006    program   0x000001



                              Program Memory Usage 
                               Start         End      
                           ---------   ---------      
                            0x000000    0x000005      
                            0x000008    0x00000b      
                            0x000018    0x0000a3      
                            0x0000b0    0x00033d      
                            0x300001    0x300001      
                            0x300003    0x300003      
                            0x300005    0x300006      
            808 out of 8472 program addresses used, program memory utilization is 9%



                              Symbols - Sorted by Name
                     Name    Address   Location    Storage File                     
                ---------  ---------  ---------  --------- ---------                
              ACTIVA_LED0   0x000304    program     static /home/gabriel/Projects/TGIF/Assembler/Assembler.asm
              ACTIVA_LEDS   0x000260    program     static /home/gabriel/Projects/TGIF/Assembler/Assembler.asm
              BAIXADA_LED   0x0002b6    program     static /home/gabriel/Projects/TGIF/Assembler/Assembler.asm
                 BLINKING   0x000280    program     static /home/gabriel/Projects/TGIF/Assembler/Assembler.asm
        CANVIA_ESTAT_DOWN   0x000294    program     static /home/gabriel/Projects/TGIF/Assembler/Assembler.asm
      CANVIA_ESTAT_ESPERA   0x00029c    program     static /home/gabriel/Projects/TGIF/Assembler/Assembler.asm
          CANVIA_ESTAT_UP   0x0002aa    program     static /home/gabriel/Projects/TGIF/Assembler/Assembler.asm
           COMPROVA_FINAL   0x0001ec    program     static /home/gabriel/Projects/TGIF/Assembler/Assembler.asm
                     DESA   0x0001b4    program     static /home/gabriel/Projects/TGIF/Assembler/Assembler.asm
           DESACTIVA_LED0   0x000308    program     static /home/gabriel/Projects/TGIF/Assembler/Assembler.asm
           DESACTIVA_LEDS   0x000266    program     static /home/gabriel/Projects/TGIF/Assembler/Assembler.asm
               DESA_BUCLE   0x0001cc    program     static /home/gabriel/Projects/TGIF/Assembler/Assembler.asm
      DESA_CONTINUA_BUCLE   0x0001da    program     static /home/gabriel/Projects/TGIF/Assembler/Assembler.asm
          DESA_CPLX_FINAL   0x0001fa    program     static /home/gabriel/Projects/TGIF/Assembler/Assembler.asm
     DESA_CPLX_LAST_BYTES   0x000200    program     static /home/gabriel/Projects/TGIF/Assembler/Assembler.asm
                DESA_NCON   0x0001ba    program     static /home/gabriel/Projects/TGIF/Assembler/Assembler.asm
            ENCENDRE_HALF   0x000252    program     static /home/gabriel/Projects/TGIF/Assembler/Assembler.asm
           ENCENDRE_HEART   0x00024c    program     static /home/gabriel/Projects/TGIF/Assembler/Assembler.asm
                ENVIAR_RF   0x00013e    program     static /home/gabriel/Projects/TGIF/Assembler/Assembler.asm
          ENVIAR_RF_ERROR   0x000144    program     static /home/gabriel/Projects/TGIF/Assembler/Assembler.asm
              ESPERA_16MS   0x000242    program     static /home/gabriel/Projects/TGIF/Assembler/Assembler.asm
      ESPERA_BAIXAR_DESAR   0x000232    program     static /home/gabriel/Projects/TGIF/Assembler/Assembler.asm
     ESPERA_BAIXAR_ENVIAR   0x00023a    program     static /home/gabriel/Projects/TGIF/Assembler/Assembler.asm
              ESPERA_CENT   0x0002d2    program     static /home/gabriel/Projects/TGIF/Assembler/Assembler.asm
              FINAL_DESAR   0x0001f2    program     static /home/gabriel/Projects/TGIF/Assembler/Assembler.asm
                 HIGH_INT   0x00001a    program     static /home/gabriel/Projects/TGIF/Assembler/Assembler.asm
            HI_INT_VECTOR   0x000008    program     static /home/gabriel/Projects/TGIF/Assembler/Assembler.asm
               INIT_ADCON   0x000026    program     static /home/gabriel/Projects/TGIF/Assembler/Assembler.asm
               INIT_PORTS   0x000064    program     static /home/gabriel/Projects/TGIF/Assembler/Assembler.asm
                 INIT_SIO   0x000052    program     static /home/gabriel/Projects/TGIF/Assembler/Assembler.asm
               INIT_TIMER   0x000088    program     static /home/gabriel/Projects/TGIF/Assembler/Assembler.asm
                INIT_VARS   0x000034    program     static /home/gabriel/Projects/TGIF/Assembler/Assembler.asm
                 LEDS_OFF   0x00030c    program     static /home/gabriel/Projects/TGIF/Assembler/Assembler.asm
                  LEDS_ON   0x0002fa    program     static /home/gabriel/Projects/TGIF/Assembler/Assembler.asm
                     LOOP   0x0000ce    program     static /home/gabriel/Projects/TGIF/Assembler/Assembler.asm
           LOW_INT_VECTOR   0x000018    program     static /home/gabriel/Projects/TGIF/Assembler/Assembler.asm
                     MAIN   0x0000ba    program     static /home/gabriel/Projects/TGIF/Assembler/Assembler.asm
           MIG_INTENSITAT   0x00026c    program     static /home/gabriel/Projects/TGIF/Assembler/Assembler.asm
          POLS_DESAR_INFO   0x00020a    program     static /home/gabriel/Projects/TGIF/Assembler/Assembler.asm
         POLS_ENVIAR_INFO   0x00021a    program     static /home/gabriel/Projects/TGIF/Assembler/Assembler.asm
               PUJADA_LED   0x0002dc    program     static /home/gabriel/Projects/TGIF/Assembler/Assembler.asm
             REBRE_CONFIG   0x0001a0    program     static /home/gabriel/Projects/TGIF/Assembler/Assembler.asm
                    REBUT   0x0000f0    program     static /home/gabriel/Projects/TGIF/Assembler/Assembler.asm
              RESET_TIMER   0x000098    program     static /home/gabriel/Projects/TGIF/Assembler/Assembler.asm
             RESET_VECTOR   0x000000    program     static /home/gabriel/Projects/TGIF/Assembler/Assembler.asm
           UNBLOCK_THREAD   0x000136    program     static /home/gabriel/Projects/TGIF/Assembler/Assembler.asm
          USART_CONNECTAT   0x00017a    program     static /home/gabriel/Projects/TGIF/Assembler/Assembler.asm
              USART_DESAR   0x00015a    program     static /home/gabriel/Projects/TGIF/Assembler/Assembler.asm
              USART_DESAT   0x000162    program     static /home/gabriel/Projects/TGIF/Assembler/Assembler.asm
       USART_DESCONNECTAT   0x000190    program     static /home/gabriel/Projects/TGIF/Assembler/Assembler.asm
             USART_ENVIAR   0x000152    program     static /home/gabriel/Projects/TGIF/Assembler/Assembler.asm
             USART_ESPERA   0x00016a    program     static /home/gabriel/Projects/TGIF/Assembler/Assembler.asm
        USART_ESPERA_INFO   0x000172    program     static /home/gabriel/Projects/TGIF/Assembler/Assembler.asm
        USART_HALF_STATUS   0x000316    program     static /home/gabriel/Projects/TGIF/Assembler/Assembler.asm
       USART_HEART_STATUS   0x000324    program     static /home/gabriel/Projects/TGIF/Assembler/Assembler.asm



                              Symbols - Sorted by Address
                     Name    Address   Location    Storage File                     
                ---------  ---------  ---------  --------- ---------                
             RESET_VECTOR   0x000000    program     static /home/gabriel/Projects/TGIF/Assembler/Assembler.asm
            HI_INT_VECTOR   0x000008    program     static /home/gabriel/Projects/TGIF/Assembler/Assembler.asm
           LOW_INT_VECTOR   0x000018    program     static /home/gabriel/Projects/TGIF/Assembler/Assembler.asm
                 HIGH_INT   0x00001a    program     static /home/gabriel/Projects/TGIF/Assembler/Assembler.asm
               INIT_ADCON   0x000026    program     static /home/gabriel/Projects/TGIF/Assembler/Assembler.asm
                INIT_VARS   0x000034    program     static /home/gabriel/Projects/TGIF/Assembler/Assembler.asm
                 INIT_SIO   0x000052    program     static /home/gabriel/Projects/TGIF/Assembler/Assembler.asm
               INIT_PORTS   0x000064    program     static /home/gabriel/Projects/TGIF/Assembler/Assembler.asm
               INIT_TIMER   0x000088    program     static /home/gabriel/Projects/TGIF/Assembler/Assembler.asm
              RESET_TIMER   0x000098    program     static /home/gabriel/Projects/TGIF/Assembler/Assembler.asm
                     MAIN   0x0000ba    program     static /home/gabriel/Projects/TGIF/Assembler/Assembler.asm
                     LOOP   0x0000ce    program     static /home/gabriel/Projects/TGIF/Assembler/Assembler.asm
                    REBUT   0x0000f0    program     static /home/gabriel/Projects/TGIF/Assembler/Assembler.asm
           UNBLOCK_THREAD   0x000136    program     static /home/gabriel/Projects/TGIF/Assembler/Assembler.asm
                ENVIAR_RF   0x00013e    program     static /home/gabriel/Projects/TGIF/Assembler/Assembler.asm
          ENVIAR_RF_ERROR   0x000144    program     static /home/gabriel/Projects/TGIF/Assembler/Assembler.asm
             USART_ENVIAR   0x000152    program     static /home/gabriel/Projects/TGIF/Assembler/Assembler.asm
              USART_DESAR   0x00015a    program     static /home/gabriel/Projects/TGIF/Assembler/Assembler.asm
              USART_DESAT   0x000162    program     static /home/gabriel/Projects/TGIF/Assembler/Assembler.asm
             USART_ESPERA   0x00016a    program     static /home/gabriel/Projects/TGIF/Assembler/Assembler.asm
        USART_ESPERA_INFO   0x000172    program     static /home/gabriel/Projects/TGIF/Assembler/Assembler.asm
          USART_CONNECTAT   0x00017a    program     static /home/gabriel/Projects/TGIF/Assembler/Assembler.asm
       USART_DESCONNECTAT   0x000190    program     static /home/gabriel/Projects/TGIF/Assembler/Assembler.asm
             REBRE_CONFIG   0x0001a0    program     static /home/gabriel/Projects/TGIF/Assembler/Assembler.asm
                     DESA   0x0001b4    program     static /home/gabriel/Projects/TGIF/Assembler/Assembler.asm
                DESA_NCON   0x0001ba    program     static /home/gabriel/Projects/TGIF/Assembler/Assembler.asm
               DESA_BUCLE   0x0001cc    program     static /home/gabriel/Projects/TGIF/Assembler/Assembler.asm
      DESA_CONTINUA_BUCLE   0x0001da    program     static /home/gabriel/Projects/TGIF/Assembler/Assembler.asm
           COMPROVA_FINAL   0x0001ec    program     static /home/gabriel/Projects/TGIF/Assembler/Assembler.asm
              FINAL_DESAR   0x0001f2    program     static /home/gabriel/Projects/TGIF/Assembler/Assembler.asm
          DESA_CPLX_FINAL   0x0001fa    program     static /home/gabriel/Projects/TGIF/Assembler/Assembler.asm
     DESA_CPLX_LAST_BYTES   0x000200    program     static /home/gabriel/Projects/TGIF/Assembler/Assembler.asm
          POLS_DESAR_INFO   0x00020a    program     static /home/gabriel/Projects/TGIF/Assembler/Assembler.asm
         POLS_ENVIAR_INFO   0x00021a    program     static /home/gabriel/Projects/TGIF/Assembler/Assembler.asm
      ESPERA_BAIXAR_DESAR   0x000232    program     static /home/gabriel/Projects/TGIF/Assembler/Assembler.asm
     ESPERA_BAIXAR_ENVIAR   0x00023a    program     static /home/gabriel/Projects/TGIF/Assembler/Assembler.asm
              ESPERA_16MS   0x000242    program     static /home/gabriel/Projects/TGIF/Assembler/Assembler.asm
           ENCENDRE_HEART   0x00024c    program     static /home/gabriel/Projects/TGIF/Assembler/Assembler.asm
            ENCENDRE_HALF   0x000252    program     static /home/gabriel/Projects/TGIF/Assembler/Assembler.asm
              ACTIVA_LEDS   0x000260    program     static /home/gabriel/Projects/TGIF/Assembler/Assembler.asm
           DESACTIVA_LEDS   0x000266    program     static /home/gabriel/Projects/TGIF/Assembler/Assembler.asm
           MIG_INTENSITAT   0x00026c    program     static /home/gabriel/Projects/TGIF/Assembler/Assembler.asm
                 BLINKING   0x000280    program     static /home/gabriel/Projects/TGIF/Assembler/Assembler.asm
        CANVIA_ESTAT_DOWN   0x000294    program     static /home/gabriel/Projects/TGIF/Assembler/Assembler.asm
      CANVIA_ESTAT_ESPERA   0x00029c    program     static /home/gabriel/Projects/TGIF/Assembler/Assembler.asm
          CANVIA_ESTAT_UP   0x0002aa    program     static /home/gabriel/Projects/TGIF/Assembler/Assembler.asm
              BAIXADA_LED   0x0002b6    program     static /home/gabriel/Projects/TGIF/Assembler/Assembler.asm
              ESPERA_CENT   0x0002d2    program     static /home/gabriel/Projects/TGIF/Assembler/Assembler.asm
               PUJADA_LED   0x0002dc    program     static /home/gabriel/Projects/TGIF/Assembler/Assembler.asm
                  LEDS_ON   0x0002fa    program     static /home/gabriel/Projects/TGIF/Assembler/Assembler.asm
              ACTIVA_LED0   0x000304    program     static /home/gabriel/Projects/TGIF/Assembler/Assembler.asm
           DESACTIVA_LED0   0x000308    program     static /home/gabriel/Projects/TGIF/Assembler/Assembler.asm
                 LEDS_OFF   0x00030c    program     static /home/gabriel/Projects/TGIF/Assembler/Assembler.asm
        USART_HALF_STATUS   0x000316    program     static /home/gabriel/Projects/TGIF/Assembler/Assembler.asm
       USART_HEART_STATUS   0x000324    program     static /home/gabriel/Projects/TGIF/Assembler/Assembler.asm


