MPLINK 5.08, LINKER
Linker Map File - Created Fri Apr  6 13:32:36 2018

                                 Section Info
                  Section       Type    Address   Location Size(Bytes)
                ---------  ---------  ---------  ---------  ---------
                   .org_0       code   0x000000    program   0x000004
                   .cinit    romdata   0x000004    program   0x000002
                   .org_1       code   0x000008    program   0x000004
                   .org_2       code   0x000018    program   0x00009a
                   .org_3       code   0x0000c0    program   0x0003e6
.config_300001_BUILD/DEFAULT/PRODUCTION/ASSEMBL    romdata   0x300001    program   0x000001
.config_300003_BUILD/DEFAULT/PRODUCTION/ASSEMBL    romdata   0x300003    program   0x000001
.config_300005_BUILD/DEFAULT/PRODUCTION/ASSEMBL    romdata   0x300005    program   0x000001
.config_300006_BUILD/DEFAULT/PRODUCTION/ASSEMBL    romdata   0x300006    program   0x000001



                              Program Memory Usage 
                               Start         End      
                           ---------   ---------      
                            0x000000    0x000005      
                            0x000008    0x00000b      
                            0x000018    0x0000b1      
                            0x0000c0    0x0004a5      
                            0x300001    0x300001      
                            0x300003    0x300003      
                            0x300005    0x300006      
            1166 out of 8472 program addresses used, program memory utilization is 13%



                              Symbols - Sorted by Name
                     Name    Address   Location    Storage File                     
                ---------  ---------  ---------  --------- ---------                
              ACTIVA_LED0   0x000474    program     static /home/gabriel/Projects/TGIF/Assembler/Assembler.asm
              ACTIVA_LEDS   0x0003d0    program     static /home/gabriel/Projects/TGIF/Assembler/Assembler.asm
              BAIXADA_LED   0x000426    program     static /home/gabriel/Projects/TGIF/Assembler/Assembler.asm
                 BLINKING   0x0003f0    program     static /home/gabriel/Projects/TGIF/Assembler/Assembler.asm
        CANVIA_ESTAT_DOWN   0x000404    program     static /home/gabriel/Projects/TGIF/Assembler/Assembler.asm
      CANVIA_ESTAT_ESPERA   0x00040c    program     static /home/gabriel/Projects/TGIF/Assembler/Assembler.asm
          CANVIA_ESTAT_UP   0x00041a    program     static /home/gabriel/Projects/TGIF/Assembler/Assembler.asm
           COMPROVA_FINAL   0x0002c6    program     static /home/gabriel/Projects/TGIF/Assembler/Assembler.asm
           COMPUTE_DIV_10   0x000202    program     static /home/gabriel/Projects/TGIF/Assembler/Assembler.asm
             CONTINUA_FOR   0x0001c2    program     static /home/gabriel/Projects/TGIF/Assembler/Assembler.asm
                     DESA   0x00028e    program     static /home/gabriel/Projects/TGIF/Assembler/Assembler.asm
           DESACTIVA_LED0   0x000478    program     static /home/gabriel/Projects/TGIF/Assembler/Assembler.asm
           DESACTIVA_LEDS   0x0003d6    program     static /home/gabriel/Projects/TGIF/Assembler/Assembler.asm
               DESA_BUCLE   0x0002a6    program     static /home/gabriel/Projects/TGIF/Assembler/Assembler.asm
      DESA_CONTINUA_BUCLE   0x0002b4    program     static /home/gabriel/Projects/TGIF/Assembler/Assembler.asm
          DESA_CPLX_FINAL   0x0002d2    program     static /home/gabriel/Projects/TGIF/Assembler/Assembler.asm
     DESA_CPLX_LAST_BYTES   0x0002d8    program     static /home/gabriel/Projects/TGIF/Assembler/Assembler.asm
                DESA_NCON   0x000294    program     static /home/gabriel/Projects/TGIF/Assembler/Assembler.asm
            ENCENDRE_HALF   0x0003c2    program     static /home/gabriel/Projects/TGIF/Assembler/Assembler.asm
           ENCENDRE_HEART   0x0003bc    program     static /home/gabriel/Projects/TGIF/Assembler/Assembler.asm
ENVIAR_BIT_PRIMERA_MEITAT   0x0001e0    program     static /home/gabriel/Projects/TGIF/Assembler/Assembler.asm
 ENVIAR_BIT_SEGONA_MEITAT   0x0001ea    program     static /home/gabriel/Projects/TGIF/Assembler/Assembler.asm
               ENVIAR_FOR   0x000176    program     static /home/gabriel/Projects/TGIF/Assembler/Assembler.asm
                ENVIAR_RF   0x00015a    program     static /home/gabriel/Projects/TGIF/Assembler/Assembler.asm
          ENVIAR_RF_ERROR   0x0001f4    program     static /home/gabriel/Projects/TGIF/Assembler/Assembler.asm
         ENVIA_PARAMETRES   0x0001a8    program     static /home/gabriel/Projects/TGIF/Assembler/Assembler.asm
              ESPERA_16MS   0x0003b2    program     static /home/gabriel/Projects/TGIF/Assembler/Assembler.asm
      ESPERA_BAIXAR_DESAR   0x0003a2    program     static /home/gabriel/Projects/TGIF/Assembler/Assembler.asm
     ESPERA_BAIXAR_ENVIAR   0x0003aa    program     static /home/gabriel/Projects/TGIF/Assembler/Assembler.asm
              ESPERA_CENT   0x000442    program     static /home/gabriel/Projects/TGIF/Assembler/Assembler.asm
          ESPERA_POLSADOR   0x0002fe    program     static /home/gabriel/Projects/TGIF/Assembler/Assembler.asm
      ESPERA_POLSADOR_DEL   0x000340    program     static /home/gabriel/Projects/TGIF/Assembler/Assembler.asm
    ESPERA_POLSADOR_DESAR   0x000320    program     static /home/gabriel/Projects/TGIF/Assembler/Assembler.asm
     ESPERA_POLSADOR_DOWN   0x000306    program     static /home/gabriel/Projects/TGIF/Assembler/Assembler.asm
              FINAL_DESAR   0x0002cc    program     static /home/gabriel/Projects/TGIF/Assembler/Assembler.asm
          FINAL_ENVIAR_RF   0x0001da    program     static /home/gabriel/Projects/TGIF/Assembler/Assembler.asm
                 HIGH_INT   0x00001a    program     static /home/gabriel/Projects/TGIF/Assembler/Assembler.asm
            HI_INT_VECTOR   0x000008    program     static /home/gabriel/Projects/TGIF/Assembler/Assembler.asm
        INCREMENTA_ESPERA   0x000378    program     static /home/gabriel/Projects/TGIF/Assembler/Assembler.asm
           INCREMENTA_FOR   0x0001ca    program     static /home/gabriel/Projects/TGIF/Assembler/Assembler.asm
               INIT_ADCON   0x000026    program     static /home/gabriel/Projects/TGIF/Assembler/Assembler.asm
               INIT_PORTS   0x00006c    program     static /home/gabriel/Projects/TGIF/Assembler/Assembler.asm
                 INIT_SIO   0x00005a    program     static /home/gabriel/Projects/TGIF/Assembler/Assembler.asm
               INIT_TIMER   0x000096    program     static /home/gabriel/Projects/TGIF/Assembler/Assembler.asm
                INIT_VARS   0x000034    program     static /home/gabriel/Projects/TGIF/Assembler/Assembler.asm
                 LEDS_OFF   0x00047c    program     static /home/gabriel/Projects/TGIF/Assembler/Assembler.asm
                  LEDS_ON   0x00046a    program     static /home/gabriel/Projects/TGIF/Assembler/Assembler.asm
                     LOOP   0x0000de    program     static /home/gabriel/Projects/TGIF/Assembler/Assembler.asm
           LOW_INT_VECTOR   0x000018    program     static /home/gabriel/Projects/TGIF/Assembler/Assembler.asm
                     MAIN   0x0000ca    program     static /home/gabriel/Projects/TGIF/Assembler/Assembler.asm
           MIG_INTENSITAT   0x0003dc    program     static /home/gabriel/Projects/TGIF/Assembler/Assembler.asm
         PETICIO_DEL_INFO   0x000358    program     static /home/gabriel/Projects/TGIF/Assembler/Assembler.asm
       PETICIO_DESAR_INFO   0x000368    program     static /home/gabriel/Projects/TGIF/Assembler/Assembler.asm
                 POLSADOR   0x0002e2    program     static /home/gabriel/Projects/TGIF/Assembler/Assembler.asm
          POLS_DESAR_INFO   0x000382    program     static /home/gabriel/Projects/TGIF/Assembler/Assembler.asm
         POLS_ENVIAR_INFO   0x00038e    program     static /home/gabriel/Projects/TGIF/Assembler/Assembler.asm
               PUJADA_LED   0x00044c    program     static /home/gabriel/Projects/TGIF/Assembler/Assembler.asm
             REBRE_CONFIG   0x00027a    program     static /home/gabriel/Projects/TGIF/Assembler/Assembler.asm
                    REBUT   0x000104    program     static /home/gabriel/Projects/TGIF/Assembler/Assembler.asm
           RESET_POLSADOR   0x00037e    program     static /home/gabriel/Projects/TGIF/Assembler/Assembler.asm
              RESET_TIMER   0x0000a6    program     static /home/gabriel/Projects/TGIF/Assembler/Assembler.asm
             RESET_VECTOR   0x000000    program     static /home/gabriel/Projects/TGIF/Assembler/Assembler.asm
           UNBLOCK_THREAD   0x000152    program     static /home/gabriel/Projects/TGIF/Assembler/Assembler.asm
         USART_BIT_ENVIAT   0x00026a    program     static /home/gabriel/Projects/TGIF/Assembler/Assembler.asm
        USART_BORRAR_INFO   0x000272    program     static /home/gabriel/Projects/TGIF/Assembler/Assembler.asm
          USART_CONNECTAT   0x000246    program     static /home/gabriel/Projects/TGIF/Assembler/Assembler.asm
               USART_DATA   0x00020e    program     static /home/gabriel/Projects/TGIF/Assembler/Assembler.asm
              USART_DESAR   0x000226    program     static /home/gabriel/Projects/TGIF/Assembler/Assembler.asm
         USART_DESAR_NCON   0x00021e    program     static /home/gabriel/Projects/TGIF/Assembler/Assembler.asm
              USART_DESAT   0x00022e    program     static /home/gabriel/Projects/TGIF/Assembler/Assembler.asm
       USART_DESCONNECTAT   0x00025c    program     static /home/gabriel/Projects/TGIF/Assembler/Assembler.asm
             USART_ENVIAR   0x000216    program     static /home/gabriel/Projects/TGIF/Assembler/Assembler.asm
             USART_ESPERA   0x000236    program     static /home/gabriel/Projects/TGIF/Assembler/Assembler.asm
        USART_ESPERA_INFO   0x00023e    program     static /home/gabriel/Projects/TGIF/Assembler/Assembler.asm
        USART_HALF_STATUS   0x000486    program     static /home/gabriel/Projects/TGIF/Assembler/Assembler.asm
       USART_HEART_STATUS   0x000494    program     static /home/gabriel/Projects/TGIF/Assembler/Assembler.asm



                              Symbols - Sorted by Address
                     Name    Address   Location    Storage File                     
                ---------  ---------  ---------  --------- ---------                
             RESET_VECTOR   0x000000    program     static /home/gabriel/Projects/TGIF/Assembler/Assembler.asm
            HI_INT_VECTOR   0x000008    program     static /home/gabriel/Projects/TGIF/Assembler/Assembler.asm
           LOW_INT_VECTOR   0x000018    program     static /home/gabriel/Projects/TGIF/Assembler/Assembler.asm
                 HIGH_INT   0x00001a    program     static /home/gabriel/Projects/TGIF/Assembler/Assembler.asm
               INIT_ADCON   0x000026    program     static /home/gabriel/Projects/TGIF/Assembler/Assembler.asm
                INIT_VARS   0x000034    program     static /home/gabriel/Projects/TGIF/Assembler/Assembler.asm
                 INIT_SIO   0x00005a    program     static /home/gabriel/Projects/TGIF/Assembler/Assembler.asm
               INIT_PORTS   0x00006c    program     static /home/gabriel/Projects/TGIF/Assembler/Assembler.asm
               INIT_TIMER   0x000096    program     static /home/gabriel/Projects/TGIF/Assembler/Assembler.asm
              RESET_TIMER   0x0000a6    program     static /home/gabriel/Projects/TGIF/Assembler/Assembler.asm
                     MAIN   0x0000ca    program     static /home/gabriel/Projects/TGIF/Assembler/Assembler.asm
                     LOOP   0x0000de    program     static /home/gabriel/Projects/TGIF/Assembler/Assembler.asm
                    REBUT   0x000104    program     static /home/gabriel/Projects/TGIF/Assembler/Assembler.asm
           UNBLOCK_THREAD   0x000152    program     static /home/gabriel/Projects/TGIF/Assembler/Assembler.asm
                ENVIAR_RF   0x00015a    program     static /home/gabriel/Projects/TGIF/Assembler/Assembler.asm
               ENVIAR_FOR   0x000176    program     static /home/gabriel/Projects/TGIF/Assembler/Assembler.asm
         ENVIA_PARAMETRES   0x0001a8    program     static /home/gabriel/Projects/TGIF/Assembler/Assembler.asm
             CONTINUA_FOR   0x0001c2    program     static /home/gabriel/Projects/TGIF/Assembler/Assembler.asm
           INCREMENTA_FOR   0x0001ca    program     static /home/gabriel/Projects/TGIF/Assembler/Assembler.asm
          FINAL_ENVIAR_RF   0x0001da    program     static /home/gabriel/Projects/TGIF/Assembler/Assembler.asm
ENVIAR_BIT_PRIMERA_MEITAT   0x0001e0    program     static /home/gabriel/Projects/TGIF/Assembler/Assembler.asm
 ENVIAR_BIT_SEGONA_MEITAT   0x0001ea    program     static /home/gabriel/Projects/TGIF/Assembler/Assembler.asm
          ENVIAR_RF_ERROR   0x0001f4    program     static /home/gabriel/Projects/TGIF/Assembler/Assembler.asm
           COMPUTE_DIV_10   0x000202    program     static /home/gabriel/Projects/TGIF/Assembler/Assembler.asm
               USART_DATA   0x00020e    program     static /home/gabriel/Projects/TGIF/Assembler/Assembler.asm
             USART_ENVIAR   0x000216    program     static /home/gabriel/Projects/TGIF/Assembler/Assembler.asm
         USART_DESAR_NCON   0x00021e    program     static /home/gabriel/Projects/TGIF/Assembler/Assembler.asm
              USART_DESAR   0x000226    program     static /home/gabriel/Projects/TGIF/Assembler/Assembler.asm
              USART_DESAT   0x00022e    program     static /home/gabriel/Projects/TGIF/Assembler/Assembler.asm
             USART_ESPERA   0x000236    program     static /home/gabriel/Projects/TGIF/Assembler/Assembler.asm
        USART_ESPERA_INFO   0x00023e    program     static /home/gabriel/Projects/TGIF/Assembler/Assembler.asm
          USART_CONNECTAT   0x000246    program     static /home/gabriel/Projects/TGIF/Assembler/Assembler.asm
       USART_DESCONNECTAT   0x00025c    program     static /home/gabriel/Projects/TGIF/Assembler/Assembler.asm
         USART_BIT_ENVIAT   0x00026a    program     static /home/gabriel/Projects/TGIF/Assembler/Assembler.asm
        USART_BORRAR_INFO   0x000272    program     static /home/gabriel/Projects/TGIF/Assembler/Assembler.asm
             REBRE_CONFIG   0x00027a    program     static /home/gabriel/Projects/TGIF/Assembler/Assembler.asm
                     DESA   0x00028e    program     static /home/gabriel/Projects/TGIF/Assembler/Assembler.asm
                DESA_NCON   0x000294    program     static /home/gabriel/Projects/TGIF/Assembler/Assembler.asm
               DESA_BUCLE   0x0002a6    program     static /home/gabriel/Projects/TGIF/Assembler/Assembler.asm
      DESA_CONTINUA_BUCLE   0x0002b4    program     static /home/gabriel/Projects/TGIF/Assembler/Assembler.asm
           COMPROVA_FINAL   0x0002c6    program     static /home/gabriel/Projects/TGIF/Assembler/Assembler.asm
              FINAL_DESAR   0x0002cc    program     static /home/gabriel/Projects/TGIF/Assembler/Assembler.asm
          DESA_CPLX_FINAL   0x0002d2    program     static /home/gabriel/Projects/TGIF/Assembler/Assembler.asm
     DESA_CPLX_LAST_BYTES   0x0002d8    program     static /home/gabriel/Projects/TGIF/Assembler/Assembler.asm
                 POLSADOR   0x0002e2    program     static /home/gabriel/Projects/TGIF/Assembler/Assembler.asm
          ESPERA_POLSADOR   0x0002fe    program     static /home/gabriel/Projects/TGIF/Assembler/Assembler.asm
     ESPERA_POLSADOR_DOWN   0x000306    program     static /home/gabriel/Projects/TGIF/Assembler/Assembler.asm
    ESPERA_POLSADOR_DESAR   0x000320    program     static /home/gabriel/Projects/TGIF/Assembler/Assembler.asm
      ESPERA_POLSADOR_DEL   0x000340    program     static /home/gabriel/Projects/TGIF/Assembler/Assembler.asm
         PETICIO_DEL_INFO   0x000358    program     static /home/gabriel/Projects/TGIF/Assembler/Assembler.asm
       PETICIO_DESAR_INFO   0x000368    program     static /home/gabriel/Projects/TGIF/Assembler/Assembler.asm
        INCREMENTA_ESPERA   0x000378    program     static /home/gabriel/Projects/TGIF/Assembler/Assembler.asm
           RESET_POLSADOR   0x00037e    program     static /home/gabriel/Projects/TGIF/Assembler/Assembler.asm
          POLS_DESAR_INFO   0x000382    program     static /home/gabriel/Projects/TGIF/Assembler/Assembler.asm
         POLS_ENVIAR_INFO   0x00038e    program     static /home/gabriel/Projects/TGIF/Assembler/Assembler.asm
      ESPERA_BAIXAR_DESAR   0x0003a2    program     static /home/gabriel/Projects/TGIF/Assembler/Assembler.asm
     ESPERA_BAIXAR_ENVIAR   0x0003aa    program     static /home/gabriel/Projects/TGIF/Assembler/Assembler.asm
              ESPERA_16MS   0x0003b2    program     static /home/gabriel/Projects/TGIF/Assembler/Assembler.asm
           ENCENDRE_HEART   0x0003bc    program     static /home/gabriel/Projects/TGIF/Assembler/Assembler.asm
            ENCENDRE_HALF   0x0003c2    program     static /home/gabriel/Projects/TGIF/Assembler/Assembler.asm
              ACTIVA_LEDS   0x0003d0    program     static /home/gabriel/Projects/TGIF/Assembler/Assembler.asm
           DESACTIVA_LEDS   0x0003d6    program     static /home/gabriel/Projects/TGIF/Assembler/Assembler.asm
           MIG_INTENSITAT   0x0003dc    program     static /home/gabriel/Projects/TGIF/Assembler/Assembler.asm
                 BLINKING   0x0003f0    program     static /home/gabriel/Projects/TGIF/Assembler/Assembler.asm
        CANVIA_ESTAT_DOWN   0x000404    program     static /home/gabriel/Projects/TGIF/Assembler/Assembler.asm
      CANVIA_ESTAT_ESPERA   0x00040c    program     static /home/gabriel/Projects/TGIF/Assembler/Assembler.asm
          CANVIA_ESTAT_UP   0x00041a    program     static /home/gabriel/Projects/TGIF/Assembler/Assembler.asm
              BAIXADA_LED   0x000426    program     static /home/gabriel/Projects/TGIF/Assembler/Assembler.asm
              ESPERA_CENT   0x000442    program     static /home/gabriel/Projects/TGIF/Assembler/Assembler.asm
               PUJADA_LED   0x00044c    program     static /home/gabriel/Projects/TGIF/Assembler/Assembler.asm
                  LEDS_ON   0x00046a    program     static /home/gabriel/Projects/TGIF/Assembler/Assembler.asm
              ACTIVA_LED0   0x000474    program     static /home/gabriel/Projects/TGIF/Assembler/Assembler.asm
           DESACTIVA_LED0   0x000478    program     static /home/gabriel/Projects/TGIF/Assembler/Assembler.asm
                 LEDS_OFF   0x00047c    program     static /home/gabriel/Projects/TGIF/Assembler/Assembler.asm
        USART_HALF_STATUS   0x000486    program     static /home/gabriel/Projects/TGIF/Assembler/Assembler.asm
       USART_HEART_STATUS   0x000494    program     static /home/gabriel/Projects/TGIF/Assembler/Assembler.asm


