MPLINK 5.08, LINKER
Linker Map File - Created Fri May 25 06:36:49 2018

                                 Section Info
                  Section       Type    Address   Location Size(Bytes)
                ---------  ---------  ---------  ---------  ---------
                   .org_0       code   0x000000    program   0x000004
                   .cinit    romdata   0x000004    program   0x000002
                   .org_1       code   0x000008    program   0x000004
                   .org_2       code   0x000018    program   0x000098
                   .org_3       code   0x0000c0    program   0x000562
.config_300001_BUILD/DEFAULT/PRODUCTION/ASSEMBL    romdata   0x300001    program   0x000001
.config_300003_BUILD/DEFAULT/PRODUCTION/ASSEMBL    romdata   0x300003    program   0x000001
.config_300005_BUILD/DEFAULT/PRODUCTION/ASSEMBL    romdata   0x300005    program   0x000001
.config_300006_BUILD/DEFAULT/PRODUCTION/ASSEMBL    romdata   0x300006    program   0x000001



                              Program Memory Usage 
                               Start         End      
                           ---------   ---------      
                            0x000000    0x000005      
                            0x000008    0x00000b      
                            0x000018    0x0000af      
                            0x0000c0    0x000621      
                            0x300001    0x300001      
                            0x300003    0x300003      
                            0x300005    0x300006      
            1544 out of 8472 program addresses used, program memory utilization is 18%



                              Symbols - Sorted by Name
                     Name    Address   Location    Storage File                     
                ---------  ---------  ---------  --------- ---------                
              ACTIVA_LED0   0x000610    program     static /home/gabriel/MPLABXProjects/TGIF/PhaseOne/Assembler/Assembler.asm
              ACTIVA_LEDS   0x000522    program     static /home/gabriel/MPLABXProjects/TGIF/PhaseOne/Assembler/Assembler.asm
               ADCON_DONE   0x00034c    program     static /home/gabriel/MPLABXProjects/TGIF/PhaseOne/Assembler/Assembler.asm
               BAIXADA_10   0x0005b6    program     static /home/gabriel/MPLABXProjects/TGIF/PhaseOne/Assembler/Assembler.asm
              BAIXADA_LED   0x00058e    program     static /home/gabriel/MPLABXProjects/TGIF/PhaseOne/Assembler/Assembler.asm
           BAIXADA_LED_10   0x0005be    program     static /home/gabriel/MPLABXProjects/TGIF/PhaseOne/Assembler/Assembler.asm
        BAIXADA_LED_FINAL   0x0005ae    program     static /home/gabriel/MPLABXProjects/TGIF/PhaseOne/Assembler/Assembler.asm
                 BLINKING   0x000542    program     static /home/gabriel/MPLABXProjects/TGIF/PhaseOne/Assembler/Assembler.asm
        CANVIA_ESTAT_DOWN   0x00055c    program     static /home/gabriel/MPLABXProjects/TGIF/PhaseOne/Assembler/Assembler.asm
      CANVIA_ESTAT_ESPERA   0x000564    program     static /home/gabriel/MPLABXProjects/TGIF/PhaseOne/Assembler/Assembler.asm
          CANVIA_ESTAT_UP   0x000582    program     static /home/gabriel/MPLABXProjects/TGIF/PhaseOne/Assembler/Assembler.asm
          CANVI_10_ESPERA   0x000578    program     static /home/gabriel/MPLABXProjects/TGIF/PhaseOne/Assembler/Assembler.asm
           COMPROVA_FINAL   0x000406    program     static /home/gabriel/MPLABXProjects/TGIF/PhaseOne/Assembler/Assembler.asm
           COMPUTE_DIV_10   0x00029c    program     static /home/gabriel/MPLABXProjects/TGIF/PhaseOne/Assembler/Assembler.asm
             CONTINUA_FOR   0x000254    program     static /home/gabriel/MPLABXProjects/TGIF/PhaseOne/Assembler/Assembler.asm
     CONTINUE_BAIXADA_LED   0x00059e    program     static /home/gabriel/MPLABXProjects/TGIF/PhaseOne/Assembler/Assembler.asm
                     DESA   0x0003a6    program     static /home/gabriel/MPLABXProjects/TGIF/PhaseOne/Assembler/Assembler.asm
           DESACTIVA_LED0   0x000614    program     static /home/gabriel/MPLABXProjects/TGIF/PhaseOne/Assembler/Assembler.asm
           DESACTIVA_LEDS   0x000528    program     static /home/gabriel/MPLABXProjects/TGIF/PhaseOne/Assembler/Assembler.asm
               DESA_BUCLE   0x0003e6    program     static /home/gabriel/MPLABXProjects/TGIF/PhaseOne/Assembler/Assembler.asm
          DESA_BUCLE_INFO   0x0003e0    program     static /home/gabriel/MPLABXProjects/TGIF/PhaseOne/Assembler/Assembler.asm
      DESA_CONTINUA_BUCLE   0x0003f4    program     static /home/gabriel/MPLABXProjects/TGIF/PhaseOne/Assembler/Assembler.asm
          DESA_CPLX_FINAL   0x000416    program     static /home/gabriel/MPLABXProjects/TGIF/PhaseOne/Assembler/Assembler.asm
     DESA_CPLX_LAST_BYTES   0x00041c    program     static /home/gabriel/MPLABXProjects/TGIF/PhaseOne/Assembler/Assembler.asm
          DESA_INFO_TRAMA   0x0003c0    program     static /home/gabriel/MPLABXProjects/TGIF/PhaseOne/Assembler/Assembler.asm
            ENCENDRE_HALF   0x000514    program     static /home/gabriel/MPLABXProjects/TGIF/PhaseOne/Assembler/Assembler.asm
           ENCENDRE_HEART   0x00050e    program     static /home/gabriel/MPLABXProjects/TGIF/PhaseOne/Assembler/Assembler.asm
ENVIAR_BIT_PRIMERA_MEITAT   0x000278    program     static /home/gabriel/MPLABXProjects/TGIF/PhaseOne/Assembler/Assembler.asm
 ENVIAR_BIT_SEGONA_MEITAT   0x000284    program     static /home/gabriel/MPLABXProjects/TGIF/PhaseOne/Assembler/Assembler.asm
               ENVIAR_FOR   0x000202    program     static /home/gabriel/MPLABXProjects/TGIF/PhaseOne/Assembler/Assembler.asm
         ENVIAR_FOR_SEGON   0x00020a    program     static /home/gabriel/MPLABXProjects/TGIF/PhaseOne/Assembler/Assembler.asm
                ENVIAR_RF   0x0001c6    program     static /home/gabriel/MPLABXProjects/TGIF/PhaseOne/Assembler/Assembler.asm
          ENVIAR_RF_ERROR   0x000290    program     static /home/gabriel/MPLABXProjects/TGIF/PhaseOne/Assembler/Assembler.asm
         ENVIA_PARAMETRES   0x00023a    program     static /home/gabriel/MPLABXProjects/TGIF/PhaseOne/Assembler/Assembler.asm
              ESPERA_16MS   0x000504    program     static /home/gabriel/MPLABXProjects/TGIF/PhaseOne/Assembler/Assembler.asm
      ESPERA_BAIXAR_DESAR   0x0004f4    program     static /home/gabriel/MPLABXProjects/TGIF/PhaseOne/Assembler/Assembler.asm
     ESPERA_BAIXAR_ENVIAR   0x0004fc    program     static /home/gabriel/MPLABXProjects/TGIF/PhaseOne/Assembler/Assembler.asm
        ESPERA_CANAL_ZERO   0x0001aa    program     static /home/gabriel/MPLABXProjects/TGIF/PhaseOne/Assembler/Assembler.asm
              ESPERA_CENT   0x0005c4    program     static /home/gabriel/MPLABXProjects/TGIF/PhaseOne/Assembler/Assembler.asm
          ESPERA_POLSADOR   0x000440    program     static /home/gabriel/MPLABXProjects/TGIF/PhaseOne/Assembler/Assembler.asm
      ESPERA_POLSADOR_DEL   0x000482    program     static /home/gabriel/MPLABXProjects/TGIF/PhaseOne/Assembler/Assembler.asm
    ESPERA_POLSADOR_DESAR   0x000462    program     static /home/gabriel/MPLABXProjects/TGIF/PhaseOne/Assembler/Assembler.asm
     ESPERA_POLSADOR_DOWN   0x000448    program     static /home/gabriel/MPLABXProjects/TGIF/PhaseOne/Assembler/Assembler.asm
              ESPERA_VINT   0x0005ce    program     static /home/gabriel/MPLABXProjects/TGIF/PhaseOne/Assembler/Assembler.asm
       FINAL_CANVI_ESPERA   0x000570    program     static /home/gabriel/MPLABXProjects/TGIF/PhaseOne/Assembler/Assembler.asm
              FINAL_DESAR   0x00040c    program     static /home/gabriel/MPLABXProjects/TGIF/PhaseOne/Assembler/Assembler.asm
          FINAL_ENVIAR_RF   0x00026e    program     static /home/gabriel/MPLABXProjects/TGIF/PhaseOne/Assembler/Assembler.asm
                 HIGH_INT   0x00001a    program     static /home/gabriel/MPLABXProjects/TGIF/PhaseOne/Assembler/Assembler.asm
            HI_INT_VECTOR   0x000008    program     static /home/gabriel/MPLABXProjects/TGIF/PhaseOne/Assembler/Assembler.asm
         INCREMENTA_7_SEG   0x00017c    program     static /home/gabriel/MPLABXProjects/TGIF/PhaseOne/Assembler/Assembler.asm
        INCREMENTA_ESPERA   0x0004ba    program     static /home/gabriel/MPLABXProjects/TGIF/PhaseOne/Assembler/Assembler.asm
           INCREMENTA_FOR   0x00025a    program     static /home/gabriel/MPLABXProjects/TGIF/PhaseOne/Assembler/Assembler.asm
               INIT_7_SEG   0x00016e    program     static /home/gabriel/MPLABXProjects/TGIF/PhaseOne/Assembler/Assembler.asm
               INIT_ADCON   0x000026    program     static /home/gabriel/MPLABXProjects/TGIF/PhaseOne/Assembler/Assembler.asm
               INIT_PORTS   0x00006e    program     static /home/gabriel/MPLABXProjects/TGIF/PhaseOne/Assembler/Assembler.asm
                 INIT_SIO   0x00005c    program     static /home/gabriel/MPLABXProjects/TGIF/PhaseOne/Assembler/Assembler.asm
               INIT_TIMER   0x000094    program     static /home/gabriel/MPLABXProjects/TGIF/PhaseOne/Assembler/Assembler.asm
                INIT_VARS   0x000034    program     static /home/gabriel/MPLABXProjects/TGIF/PhaseOne/Assembler/Assembler.asm
                 LEDS_OFF   0x000618    program     static /home/gabriel/MPLABXProjects/TGIF/PhaseOne/Assembler/Assembler.asm
                  LEDS_ON   0x000606    program     static /home/gabriel/MPLABXProjects/TGIF/PhaseOne/Assembler/Assembler.asm
                     LOOP   0x0000de    program     static /home/gabriel/MPLABXProjects/TGIF/PhaseOne/Assembler/Assembler.asm
           LOW_INT_VECTOR   0x000018    program     static /home/gabriel/MPLABXProjects/TGIF/PhaseOne/Assembler/Assembler.asm
                     MAIN   0x0000ca    program     static /home/gabriel/MPLABXProjects/TGIF/PhaseOne/Assembler/Assembler.asm
           MIG_INTENSITAT   0x00052e    program     static /home/gabriel/MPLABXProjects/TGIF/PhaseOne/Assembler/Assembler.asm
                NETEJA_RF   0x00018a    program     static /home/gabriel/MPLABXProjects/TGIF/PhaseOne/Assembler/Assembler.asm
         NETEJA_RF_SEGONA   0x000192    program     static /home/gabriel/MPLABXProjects/TGIF/PhaseOne/Assembler/Assembler.asm
         PETICIO_DEL_INFO   0x00049e    program     static /home/gabriel/MPLABXProjects/TGIF/PhaseOne/Assembler/Assembler.asm
       PETICIO_DESAR_INFO   0x0004b2    program     static /home/gabriel/MPLABXProjects/TGIF/PhaseOne/Assembler/Assembler.asm
                 POLSADOR   0x000424    program     static /home/gabriel/MPLABXProjects/TGIF/PhaseOne/Assembler/Assembler.asm
          POLS_DESAR_INFO   0x0004c4    program     static /home/gabriel/MPLABXProjects/TGIF/PhaseOne/Assembler/Assembler.asm
         POLS_ENVIAR_INFO   0x0004d4    program     static /home/gabriel/MPLABXProjects/TGIF/PhaseOne/Assembler/Assembler.asm
                PUJADA_10   0x0005fe    program     static /home/gabriel/MPLABXProjects/TGIF/PhaseOne/Assembler/Assembler.asm
               PUJADA_LED   0x0005d8    program     static /home/gabriel/MPLABXProjects/TGIF/PhaseOne/Assembler/Assembler.asm
         PUJADA_LED_FINAL   0x0005f4    program     static /home/gabriel/MPLABXProjects/TGIF/PhaseOne/Assembler/Assembler.asm
             REBRE_CONFIG   0x000392    program     static /home/gabriel/MPLABXProjects/TGIF/PhaseOne/Assembler/Assembler.asm
                    REBUT   0x00010e    program     static /home/gabriel/MPLABXProjects/TGIF/PhaseOne/Assembler/Assembler.asm
           RESET_POLSADOR   0x0004c0    program     static /home/gabriel/MPLABXProjects/TGIF/PhaseOne/Assembler/Assembler.asm
              RESET_TIMER   0x0000a4    program     static /home/gabriel/MPLABXProjects/TGIF/PhaseOne/Assembler/Assembler.asm
             RESET_VECTOR   0x000000    program     static /home/gabriel/MPLABXProjects/TGIF/PhaseOne/Assembler/Assembler.asm
                   ROTATE   0x000390    program     static /home/gabriel/MPLABXProjects/TGIF/PhaseOne/Assembler/Assembler.asm
         SET_PRIMERA_PART   0x00019e    program     static /home/gabriel/MPLABXProjects/TGIF/PhaseOne/Assembler/Assembler.asm
          SET_SEGONA_PART   0x0001a4    program     static /home/gabriel/MPLABXProjects/TGIF/PhaseOne/Assembler/Assembler.asm
                 TEMPS_10   0x0001ba    program     static /home/gabriel/MPLABXProjects/TGIF/PhaseOne/Assembler/Assembler.asm
           UNBLOCK_THREAD   0x000166    program     static /home/gabriel/MPLABXProjects/TGIF/PhaseOne/Assembler/Assembler.asm
         UNDERSCORE_7_SEG   0x000184    program     static /home/gabriel/MPLABXProjects/TGIF/PhaseOne/Assembler/Assembler.asm
              USART_ADCON   0x000342    program     static /home/gabriel/MPLABXProjects/TGIF/PhaseOne/Assembler/Assembler.asm
         USART_BIT_ENVIAT   0x00032a    program     static /home/gabriel/MPLABXProjects/TGIF/PhaseOne/Assembler/Assembler.asm
        USART_BORRAR_INFO   0x000332    program     static /home/gabriel/MPLABXProjects/TGIF/PhaseOne/Assembler/Assembler.asm
          USART_CONNECTAT   0x000304    program     static /home/gabriel/MPLABXProjects/TGIF/PhaseOne/Assembler/Assembler.asm
               USART_DATA   0x0002cc    program     static /home/gabriel/MPLABXProjects/TGIF/PhaseOne/Assembler/Assembler.asm
              USART_DESAR   0x0002e4    program     static /home/gabriel/MPLABXProjects/TGIF/PhaseOne/Assembler/Assembler.asm
         USART_DESAR_NCON   0x0002dc    program     static /home/gabriel/MPLABXProjects/TGIF/PhaseOne/Assembler/Assembler.asm
              USART_DESAT   0x0002ec    program     static /home/gabriel/MPLABXProjects/TGIF/PhaseOne/Assembler/Assembler.asm
       USART_DESCONNECTAT   0x00031c    program     static /home/gabriel/MPLABXProjects/TGIF/PhaseOne/Assembler/Assembler.asm
             USART_ENVIAR   0x0002d4    program     static /home/gabriel/MPLABXProjects/TGIF/PhaseOne/Assembler/Assembler.asm
           USART_ERROR_RF   0x00033a    program     static /home/gabriel/MPLABXProjects/TGIF/PhaseOne/Assembler/Assembler.asm
             USART_ESPERA   0x0002f4    program     static /home/gabriel/MPLABXProjects/TGIF/PhaseOne/Assembler/Assembler.asm
        USART_ESPERA_INFO   0x0002fc    program     static /home/gabriel/MPLABXProjects/TGIF/PhaseOne/Assembler/Assembler.asm
     USART_PROGRESS_RESET   0x0002a8    program     static /home/gabriel/MPLABXProjects/TGIF/PhaseOne/Assembler/Assembler.asm
              USART_SPEED   0x0002b8    program     static /home/gabriel/MPLABXProjects/TGIF/PhaseOne/Assembler/Assembler.asm



                              Symbols - Sorted by Address
                     Name    Address   Location    Storage File                     
                ---------  ---------  ---------  --------- ---------                
             RESET_VECTOR   0x000000    program     static /home/gabriel/MPLABXProjects/TGIF/PhaseOne/Assembler/Assembler.asm
            HI_INT_VECTOR   0x000008    program     static /home/gabriel/MPLABXProjects/TGIF/PhaseOne/Assembler/Assembler.asm
           LOW_INT_VECTOR   0x000018    program     static /home/gabriel/MPLABXProjects/TGIF/PhaseOne/Assembler/Assembler.asm
                 HIGH_INT   0x00001a    program     static /home/gabriel/MPLABXProjects/TGIF/PhaseOne/Assembler/Assembler.asm
               INIT_ADCON   0x000026    program     static /home/gabriel/MPLABXProjects/TGIF/PhaseOne/Assembler/Assembler.asm
                INIT_VARS   0x000034    program     static /home/gabriel/MPLABXProjects/TGIF/PhaseOne/Assembler/Assembler.asm
                 INIT_SIO   0x00005c    program     static /home/gabriel/MPLABXProjects/TGIF/PhaseOne/Assembler/Assembler.asm
               INIT_PORTS   0x00006e    program     static /home/gabriel/MPLABXProjects/TGIF/PhaseOne/Assembler/Assembler.asm
               INIT_TIMER   0x000094    program     static /home/gabriel/MPLABXProjects/TGIF/PhaseOne/Assembler/Assembler.asm
              RESET_TIMER   0x0000a4    program     static /home/gabriel/MPLABXProjects/TGIF/PhaseOne/Assembler/Assembler.asm
                     MAIN   0x0000ca    program     static /home/gabriel/MPLABXProjects/TGIF/PhaseOne/Assembler/Assembler.asm
                     LOOP   0x0000de    program     static /home/gabriel/MPLABXProjects/TGIF/PhaseOne/Assembler/Assembler.asm
                    REBUT   0x00010e    program     static /home/gabriel/MPLABXProjects/TGIF/PhaseOne/Assembler/Assembler.asm
           UNBLOCK_THREAD   0x000166    program     static /home/gabriel/MPLABXProjects/TGIF/PhaseOne/Assembler/Assembler.asm
               INIT_7_SEG   0x00016e    program     static /home/gabriel/MPLABXProjects/TGIF/PhaseOne/Assembler/Assembler.asm
         INCREMENTA_7_SEG   0x00017c    program     static /home/gabriel/MPLABXProjects/TGIF/PhaseOne/Assembler/Assembler.asm
         UNDERSCORE_7_SEG   0x000184    program     static /home/gabriel/MPLABXProjects/TGIF/PhaseOne/Assembler/Assembler.asm
                NETEJA_RF   0x00018a    program     static /home/gabriel/MPLABXProjects/TGIF/PhaseOne/Assembler/Assembler.asm
         NETEJA_RF_SEGONA   0x000192    program     static /home/gabriel/MPLABXProjects/TGIF/PhaseOne/Assembler/Assembler.asm
         SET_PRIMERA_PART   0x00019e    program     static /home/gabriel/MPLABXProjects/TGIF/PhaseOne/Assembler/Assembler.asm
          SET_SEGONA_PART   0x0001a4    program     static /home/gabriel/MPLABXProjects/TGIF/PhaseOne/Assembler/Assembler.asm
        ESPERA_CANAL_ZERO   0x0001aa    program     static /home/gabriel/MPLABXProjects/TGIF/PhaseOne/Assembler/Assembler.asm
                 TEMPS_10   0x0001ba    program     static /home/gabriel/MPLABXProjects/TGIF/PhaseOne/Assembler/Assembler.asm
                ENVIAR_RF   0x0001c6    program     static /home/gabriel/MPLABXProjects/TGIF/PhaseOne/Assembler/Assembler.asm
               ENVIAR_FOR   0x000202    program     static /home/gabriel/MPLABXProjects/TGIF/PhaseOne/Assembler/Assembler.asm
         ENVIAR_FOR_SEGON   0x00020a    program     static /home/gabriel/MPLABXProjects/TGIF/PhaseOne/Assembler/Assembler.asm
         ENVIA_PARAMETRES   0x00023a    program     static /home/gabriel/MPLABXProjects/TGIF/PhaseOne/Assembler/Assembler.asm
             CONTINUA_FOR   0x000254    program     static /home/gabriel/MPLABXProjects/TGIF/PhaseOne/Assembler/Assembler.asm
           INCREMENTA_FOR   0x00025a    program     static /home/gabriel/MPLABXProjects/TGIF/PhaseOne/Assembler/Assembler.asm
          FINAL_ENVIAR_RF   0x00026e    program     static /home/gabriel/MPLABXProjects/TGIF/PhaseOne/Assembler/Assembler.asm
ENVIAR_BIT_PRIMERA_MEITAT   0x000278    program     static /home/gabriel/MPLABXProjects/TGIF/PhaseOne/Assembler/Assembler.asm
 ENVIAR_BIT_SEGONA_MEITAT   0x000284    program     static /home/gabriel/MPLABXProjects/TGIF/PhaseOne/Assembler/Assembler.asm
          ENVIAR_RF_ERROR   0x000290    program     static /home/gabriel/MPLABXProjects/TGIF/PhaseOne/Assembler/Assembler.asm
           COMPUTE_DIV_10   0x00029c    program     static /home/gabriel/MPLABXProjects/TGIF/PhaseOne/Assembler/Assembler.asm
     USART_PROGRESS_RESET   0x0002a8    program     static /home/gabriel/MPLABXProjects/TGIF/PhaseOne/Assembler/Assembler.asm
              USART_SPEED   0x0002b8    program     static /home/gabriel/MPLABXProjects/TGIF/PhaseOne/Assembler/Assembler.asm
               USART_DATA   0x0002cc    program     static /home/gabriel/MPLABXProjects/TGIF/PhaseOne/Assembler/Assembler.asm
             USART_ENVIAR   0x0002d4    program     static /home/gabriel/MPLABXProjects/TGIF/PhaseOne/Assembler/Assembler.asm
         USART_DESAR_NCON   0x0002dc    program     static /home/gabriel/MPLABXProjects/TGIF/PhaseOne/Assembler/Assembler.asm
              USART_DESAR   0x0002e4    program     static /home/gabriel/MPLABXProjects/TGIF/PhaseOne/Assembler/Assembler.asm
              USART_DESAT   0x0002ec    program     static /home/gabriel/MPLABXProjects/TGIF/PhaseOne/Assembler/Assembler.asm
             USART_ESPERA   0x0002f4    program     static /home/gabriel/MPLABXProjects/TGIF/PhaseOne/Assembler/Assembler.asm
        USART_ESPERA_INFO   0x0002fc    program     static /home/gabriel/MPLABXProjects/TGIF/PhaseOne/Assembler/Assembler.asm
          USART_CONNECTAT   0x000304    program     static /home/gabriel/MPLABXProjects/TGIF/PhaseOne/Assembler/Assembler.asm
       USART_DESCONNECTAT   0x00031c    program     static /home/gabriel/MPLABXProjects/TGIF/PhaseOne/Assembler/Assembler.asm
         USART_BIT_ENVIAT   0x00032a    program     static /home/gabriel/MPLABXProjects/TGIF/PhaseOne/Assembler/Assembler.asm
        USART_BORRAR_INFO   0x000332    program     static /home/gabriel/MPLABXProjects/TGIF/PhaseOne/Assembler/Assembler.asm
           USART_ERROR_RF   0x00033a    program     static /home/gabriel/MPLABXProjects/TGIF/PhaseOne/Assembler/Assembler.asm
              USART_ADCON   0x000342    program     static /home/gabriel/MPLABXProjects/TGIF/PhaseOne/Assembler/Assembler.asm
               ADCON_DONE   0x00034c    program     static /home/gabriel/MPLABXProjects/TGIF/PhaseOne/Assembler/Assembler.asm
                   ROTATE   0x000390    program     static /home/gabriel/MPLABXProjects/TGIF/PhaseOne/Assembler/Assembler.asm
             REBRE_CONFIG   0x000392    program     static /home/gabriel/MPLABXProjects/TGIF/PhaseOne/Assembler/Assembler.asm
                     DESA   0x0003a6    program     static /home/gabriel/MPLABXProjects/TGIF/PhaseOne/Assembler/Assembler.asm
          DESA_INFO_TRAMA   0x0003c0    program     static /home/gabriel/MPLABXProjects/TGIF/PhaseOne/Assembler/Assembler.asm
          DESA_BUCLE_INFO   0x0003e0    program     static /home/gabriel/MPLABXProjects/TGIF/PhaseOne/Assembler/Assembler.asm
               DESA_BUCLE   0x0003e6    program     static /home/gabriel/MPLABXProjects/TGIF/PhaseOne/Assembler/Assembler.asm
      DESA_CONTINUA_BUCLE   0x0003f4    program     static /home/gabriel/MPLABXProjects/TGIF/PhaseOne/Assembler/Assembler.asm
           COMPROVA_FINAL   0x000406    program     static /home/gabriel/MPLABXProjects/TGIF/PhaseOne/Assembler/Assembler.asm
              FINAL_DESAR   0x00040c    program     static /home/gabriel/MPLABXProjects/TGIF/PhaseOne/Assembler/Assembler.asm
          DESA_CPLX_FINAL   0x000416    program     static /home/gabriel/MPLABXProjects/TGIF/PhaseOne/Assembler/Assembler.asm
     DESA_CPLX_LAST_BYTES   0x00041c    program     static /home/gabriel/MPLABXProjects/TGIF/PhaseOne/Assembler/Assembler.asm
                 POLSADOR   0x000424    program     static /home/gabriel/MPLABXProjects/TGIF/PhaseOne/Assembler/Assembler.asm
          ESPERA_POLSADOR   0x000440    program     static /home/gabriel/MPLABXProjects/TGIF/PhaseOne/Assembler/Assembler.asm
     ESPERA_POLSADOR_DOWN   0x000448    program     static /home/gabriel/MPLABXProjects/TGIF/PhaseOne/Assembler/Assembler.asm
    ESPERA_POLSADOR_DESAR   0x000462    program     static /home/gabriel/MPLABXProjects/TGIF/PhaseOne/Assembler/Assembler.asm
      ESPERA_POLSADOR_DEL   0x000482    program     static /home/gabriel/MPLABXProjects/TGIF/PhaseOne/Assembler/Assembler.asm
         PETICIO_DEL_INFO   0x00049e    program     static /home/gabriel/MPLABXProjects/TGIF/PhaseOne/Assembler/Assembler.asm
       PETICIO_DESAR_INFO   0x0004b2    program     static /home/gabriel/MPLABXProjects/TGIF/PhaseOne/Assembler/Assembler.asm
        INCREMENTA_ESPERA   0x0004ba    program     static /home/gabriel/MPLABXProjects/TGIF/PhaseOne/Assembler/Assembler.asm
           RESET_POLSADOR   0x0004c0    program     static /home/gabriel/MPLABXProjects/TGIF/PhaseOne/Assembler/Assembler.asm
          POLS_DESAR_INFO   0x0004c4    program     static /home/gabriel/MPLABXProjects/TGIF/PhaseOne/Assembler/Assembler.asm
         POLS_ENVIAR_INFO   0x0004d4    program     static /home/gabriel/MPLABXProjects/TGIF/PhaseOne/Assembler/Assembler.asm
      ESPERA_BAIXAR_DESAR   0x0004f4    program     static /home/gabriel/MPLABXProjects/TGIF/PhaseOne/Assembler/Assembler.asm
     ESPERA_BAIXAR_ENVIAR   0x0004fc    program     static /home/gabriel/MPLABXProjects/TGIF/PhaseOne/Assembler/Assembler.asm
              ESPERA_16MS   0x000504    program     static /home/gabriel/MPLABXProjects/TGIF/PhaseOne/Assembler/Assembler.asm
           ENCENDRE_HEART   0x00050e    program     static /home/gabriel/MPLABXProjects/TGIF/PhaseOne/Assembler/Assembler.asm
            ENCENDRE_HALF   0x000514    program     static /home/gabriel/MPLABXProjects/TGIF/PhaseOne/Assembler/Assembler.asm
              ACTIVA_LEDS   0x000522    program     static /home/gabriel/MPLABXProjects/TGIF/PhaseOne/Assembler/Assembler.asm
           DESACTIVA_LEDS   0x000528    program     static /home/gabriel/MPLABXProjects/TGIF/PhaseOne/Assembler/Assembler.asm
           MIG_INTENSITAT   0x00052e    program     static /home/gabriel/MPLABXProjects/TGIF/PhaseOne/Assembler/Assembler.asm
                 BLINKING   0x000542    program     static /home/gabriel/MPLABXProjects/TGIF/PhaseOne/Assembler/Assembler.asm
        CANVIA_ESTAT_DOWN   0x00055c    program     static /home/gabriel/MPLABXProjects/TGIF/PhaseOne/Assembler/Assembler.asm
      CANVIA_ESTAT_ESPERA   0x000564    program     static /home/gabriel/MPLABXProjects/TGIF/PhaseOne/Assembler/Assembler.asm
       FINAL_CANVI_ESPERA   0x000570    program     static /home/gabriel/MPLABXProjects/TGIF/PhaseOne/Assembler/Assembler.asm
          CANVI_10_ESPERA   0x000578    program     static /home/gabriel/MPLABXProjects/TGIF/PhaseOne/Assembler/Assembler.asm
          CANVIA_ESTAT_UP   0x000582    program     static /home/gabriel/MPLABXProjects/TGIF/PhaseOne/Assembler/Assembler.asm
              BAIXADA_LED   0x00058e    program     static /home/gabriel/MPLABXProjects/TGIF/PhaseOne/Assembler/Assembler.asm
     CONTINUE_BAIXADA_LED   0x00059e    program     static /home/gabriel/MPLABXProjects/TGIF/PhaseOne/Assembler/Assembler.asm
        BAIXADA_LED_FINAL   0x0005ae    program     static /home/gabriel/MPLABXProjects/TGIF/PhaseOne/Assembler/Assembler.asm
               BAIXADA_10   0x0005b6    program     static /home/gabriel/MPLABXProjects/TGIF/PhaseOne/Assembler/Assembler.asm
           BAIXADA_LED_10   0x0005be    program     static /home/gabriel/MPLABXProjects/TGIF/PhaseOne/Assembler/Assembler.asm
              ESPERA_CENT   0x0005c4    program     static /home/gabriel/MPLABXProjects/TGIF/PhaseOne/Assembler/Assembler.asm
              ESPERA_VINT   0x0005ce    program     static /home/gabriel/MPLABXProjects/TGIF/PhaseOne/Assembler/Assembler.asm
               PUJADA_LED   0x0005d8    program     static /home/gabriel/MPLABXProjects/TGIF/PhaseOne/Assembler/Assembler.asm
         PUJADA_LED_FINAL   0x0005f4    program     static /home/gabriel/MPLABXProjects/TGIF/PhaseOne/Assembler/Assembler.asm
                PUJADA_10   0x0005fe    program     static /home/gabriel/MPLABXProjects/TGIF/PhaseOne/Assembler/Assembler.asm
                  LEDS_ON   0x000606    program     static /home/gabriel/MPLABXProjects/TGIF/PhaseOne/Assembler/Assembler.asm
              ACTIVA_LED0   0x000610    program     static /home/gabriel/MPLABXProjects/TGIF/PhaseOne/Assembler/Assembler.asm
           DESACTIVA_LED0   0x000614    program     static /home/gabriel/MPLABXProjects/TGIF/PhaseOne/Assembler/Assembler.asm
                 LEDS_OFF   0x000618    program     static /home/gabriel/MPLABXProjects/TGIF/PhaseOne/Assembler/Assembler.asm


